// Jest Snapshot v1, https://goo.gl/fbAQLP

exports[`snapshot all tensions for a freq 1`] = `
Array [
  "gauge:      0.008 | tension:     4.6394",
  "gauge:     0.0085 | tension:     5.2372",
  "gauge:      0.009 | tension:     5.8715",
  "gauge:     0.0095 | tension:     6.5421",
  "gauge:       0.01 | tension:     7.2496",
  "gauge:     0.0105 | tension:     7.9923",
  "gauge:      0.011 | tension:     8.7721",
  "gauge:     0.0115 | tension:     9.5868",
  "gauge:      0.012 | tension:    10.4382",
  "gauge:     0.0125 | tension:    11.3265",
  "gauge:      0.013 | tension:    12.2517",
  "gauge:     0.0135 | tension:    13.2116",
  "gauge:      0.014 | tension:    14.2071",
  "gauge:      0.015 | tension:    16.3062",
  "gauge:      0.016 | tension:    18.5576",
  "gauge:      0.017 | tension:    20.9489",
  "gauge:      0.018 | tension:     23.486",
  "gauge:      0.019 | tension:    26.1811",
  "gauge:       0.02 | tension:    29.0062",
  "gauge:      0.021 | tension:    31.9786",
  "gauge:      0.022 | tension:    35.0773",
  "gauge:      0.023 | tension:    38.3472",
  "gauge:      0.021 | tension:    30.5836",
  "gauge:      0.022 | tension:    33.8381",
  "gauge:      0.023 | tension:    37.1361",
  "gauge:      0.024 | tension:    40.7128",
  "gauge:      0.025 | tension:     44.326",
  "gauge:      0.026 | tension:      47.14",
  "gauge:      0.027 | tension:    51.0132",
  "gauge:      0.028 | tension:    52.5197",
  "gauge:      0.029 | tension:    58.1715",
  "gauge:      0.031 | tension:     64.802",
  "gauge:      0.033 | tension:    72.7235",
  "gauge:      0.035 | tension:    81.1348",
  "gauge:      0.037 | tension:    89.9976",
  "gauge:      0.039 | tension:    99.2994",
  "gauge:      0.041 | tension:   109.1309",
  "gauge:      0.043 | tension:   119.3582",
  "gauge:      0.045 | tension:    131.934",
  "gauge:      0.047 | tension:   145.7647",
  "gauge:      0.049 | tension:   154.8969",
  "gauge:      0.051 | tension:   167.0188",
  "gauge:      0.053 | tension:   179.8073",
  "gauge:      0.055 | tension:   190.3986",
  "gauge:      0.057 | tension:   203.8531",
  "gauge:      0.059 | tension:   221.2655",
  "gauge:      0.061 | tension:   234.6699",
  "gauge:      0.063 | tension:   249.5524",
  "gauge:      0.065 | tension:   267.5179",
  "gauge:      0.067 | tension:   283.6747",
  "gauge:       0.07 | tension:   306.2015",
  "gauge:      0.073 | tension:   332.8085",
  "gauge:      0.076 | tension:   361.6983",
  "gauge:      0.079 | tension:   387.3654",
  "gauge:      0.082 | tension:   421.4517",
  "gauge:      0.086 | tension:    461.373",
  "gauge:       0.09 | tension:   503.0672",
  "gauge:      0.094 | tension:   546.6126",
  "gauge:      0.098 | tension:   596.6952",
  "gauge:      0.102 | tension:   647.2059",
  "gauge:      0.106 | tension:   693.1072",
  "gauge:       0.11 | tension:   745.0133",
  "gauge:      0.114 | tension:   797.9728",
  "gauge:      0.118 | tension:   852.4202",
  "gauge:      0.124 | tension:   938.5966",
  "gauge:       0.13 | tension:  1027.8918",
  "gauge:      0.136 | tension:   1121.339",
  "gauge:      0.142 | tension:  1219.0438",
  "gauge:       0.15 | tension:  1354.7029",
  "gauge:      0.158 | tension:  1498.1681",
  "gauge:      0.166 | tension:  1654.6388",
  "gauge:      0.174 | tension:  1782.0952",
  "gauge:      0.182 | tension:  1978.1882",
  "gauge:       0.19 | tension:  2151.9201",
  "gauge:        0.2 | tension:  2414.0069",
  "gauge:       0.21 | tension:  2618.5826",
  "gauge:      0.222 | tension:  2961.9244",
  "gauge:      0.232 | tension:  3221.6363",
  "gauge:      0.244 | tension:  3553.5397",
  "gauge:      0.254 | tension:  3840.2867",
  "gauge:      0.266 | tension:  4202.0067",
]
`;
