// Jest Snapshot v1, https://goo.gl/fbAQLP

exports[`snapshot all tensions for a freq 1`] = `
Array [
  "gauge:      0.008 | tension:       4.63",
  "gauge:     0.0085 | tension:       5.23",
  "gauge:      0.009 | tension:       5.87",
  "gauge:     0.0095 | tension:       6.54",
  "gauge:       0.01 | tension:       7.24",
  "gauge:     0.0105 | tension:       7.99",
  "gauge:      0.011 | tension:       8.77",
  "gauge:     0.0115 | tension:       9.58",
  "gauge:      0.012 | tension:      10.43",
  "gauge:     0.0125 | tension:      11.32",
  "gauge:      0.013 | tension:      12.25",
  "gauge:     0.0135 | tension:      13.21",
  "gauge:      0.014 | tension:       14.2",
  "gauge:      0.015 | tension:       16.3",
  "gauge:      0.016 | tension:      18.55",
  "gauge:      0.017 | tension:      20.94",
  "gauge:      0.018 | tension:      23.48",
  "gauge:      0.019 | tension:      26.18",
  "gauge:       0.02 | tension:         29",
  "gauge:      0.021 | tension:      30.58",
  "gauge:      0.021 | tension:      31.97",
  "gauge:      0.022 | tension:      33.83",
  "gauge:      0.022 | tension:      35.07",
  "gauge:      0.023 | tension:      37.13",
  "gauge:      0.023 | tension:      38.34",
  "gauge:      0.024 | tension:      40.71",
  "gauge:      0.025 | tension:      44.32",
  "gauge:      0.026 | tension:      47.14",
  "gauge:      0.027 | tension:      49.89",
  "gauge:      0.028 | tension:      52.51",
  "gauge:      0.029 | tension:      58.17",
  "gauge:      0.031 | tension:       64.8",
  "gauge:      0.033 | tension:      72.72",
  "gauge:      0.035 | tension:      81.13",
  "gauge:      0.037 | tension:      89.99",
  "gauge:      0.039 | tension:      99.29",
  "gauge:      0.041 | tension:     109.13",
  "gauge:      0.043 | tension:     119.35",
  "gauge:      0.045 | tension:     131.93",
  "gauge:      0.047 | tension:     145.76",
  "gauge:      0.049 | tension:     154.89",
  "gauge:      0.051 | tension:     167.01",
  "gauge:      0.053 | tension:      179.8",
  "gauge:      0.055 | tension:     190.39",
  "gauge:      0.057 | tension:     203.85",
  "gauge:      0.059 | tension:     221.26",
  "gauge:      0.061 | tension:     234.67",
  "gauge:      0.063 | tension:     249.55",
  "gauge:      0.065 | tension:     267.51",
  "gauge:      0.067 | tension:     283.67",
  "gauge:       0.07 | tension:      306.2",
  "gauge:      0.073 | tension:      332.8",
  "gauge:      0.076 | tension:     361.69",
  "gauge:      0.079 | tension:     387.36",
  "gauge:      0.082 | tension:     421.45",
  "gauge:      0.086 | tension:     461.37",
  "gauge:       0.09 | tension:     503.06",
  "gauge:      0.094 | tension:     546.61",
  "gauge:      0.098 | tension:     596.69",
  "gauge:      0.102 | tension:      647.2",
  "gauge:      0.106 | tension:      693.1",
  "gauge:       0.11 | tension:     745.01",
  "gauge:      0.114 | tension:     797.97",
  "gauge:      0.118 | tension:     852.42",
  "gauge:      0.124 | tension:     938.59",
  "gauge:       0.13 | tension:    1027.89",
  "gauge:      0.136 | tension:    1121.33",
  "gauge:      0.142 | tension:    1219.04",
  "gauge:      0.148 | tension:    1319.97",
  "gauge:      0.154 | tension:    1425.49",
  "gauge:       0.16 | tension:     1535.2",
  "gauge:      0.168 | tension:    1695.49",
  "gauge:      0.176 | tension:    1854.17",
  "gauge:      0.184 | tension:    2026.28",
  "gauge:      0.192 | tension:    2196.53",
  "gauge:        0.2 | tension:       2414",
  "gauge:      0.208 | tension:    2565.67",
  "gauge:      0.216 | tension:    2761.79",
  "gauge:      0.226 | tension:    3061.65",
  "gauge:      0.236 | tension:     3330.6",
  "gauge:      0.246 | tension:     3610.5",
  "gauge:      0.256 | tension:    3899.48",
  "gauge:      0.266 | tension:       4202",
]
`;

exports[`string search 1`] = `
Array [
  "string:   0.008 | prev:     NONE | next:   0.0085",
  "string:  0.0085 | prev:    0.008 | next:    0.009",
  "string:   0.009 | prev:   0.0085 | next:   0.0095",
  "string:  0.0095 | prev:    0.009 | next:     0.01",
  "string:    0.01 | prev:   0.0095 | next:   0.0105",
  "string:  0.0105 | prev:     0.01 | next:    0.011",
  "string:   0.011 | prev:   0.0105 | next:   0.0115",
  "string:  0.0115 | prev:    0.011 | next:    0.012",
  "string:   0.012 | prev:   0.0115 | next:   0.0125",
  "string:  0.0125 | prev:    0.012 | next:    0.013",
  "string:   0.013 | prev:   0.0125 | next:   0.0135",
  "string:  0.0135 | prev:    0.013 | next:    0.014",
  "string:   0.014 | prev:   0.0135 | next:    0.015",
  "string:   0.015 | prev:    0.014 | next:    0.016",
  "string:   0.016 | prev:    0.015 | next:    0.017",
  "string:   0.017 | prev:    0.016 | next:    0.018",
  "string:   0.018 | prev:    0.017 | next:    0.019",
  "string:   0.019 | prev:    0.018 | next:     0.02",
  "string:    0.02 | prev:    0.019 | next:   0.021w",
  "string:  0.021w | prev:     0.02 | next:   0.021p",
  "string:  0.021p | prev:   0.021w | next:   0.022w",
  "string:  0.022w | prev:   0.021p | next:   0.022p",
  "string:  0.022p | prev:   0.022w | next:   0.023w",
  "string:  0.023w | prev:   0.022p | next:   0.023p",
  "string:  0.023p | prev:   0.023w | next:    0.024",
  "string:   0.024 | prev:   0.023p | next:    0.025",
  "string:   0.025 | prev:    0.024 | next:    0.026",
  "string:   0.026 | prev:    0.025 | next:    0.027",
  "string:   0.027 | prev:    0.026 | next:    0.028",
  "string:   0.028 | prev:    0.027 | next:    0.029",
  "string:   0.029 | prev:    0.028 | next:    0.031",
  "string:   0.031 | prev:    0.029 | next:    0.033",
  "string:   0.033 | prev:    0.031 | next:    0.035",
  "string:   0.035 | prev:    0.033 | next:    0.037",
  "string:   0.037 | prev:    0.035 | next:    0.039",
  "string:   0.039 | prev:    0.037 | next:    0.041",
  "string:   0.041 | prev:    0.039 | next:    0.043",
  "string:   0.043 | prev:    0.041 | next:    0.045",
  "string:   0.045 | prev:    0.043 | next:    0.047",
  "string:   0.047 | prev:    0.045 | next:    0.049",
  "string:   0.049 | prev:    0.047 | next:    0.051",
  "string:   0.051 | prev:    0.049 | next:    0.053",
  "string:   0.053 | prev:    0.051 | next:    0.055",
  "string:   0.055 | prev:    0.053 | next:    0.057",
  "string:   0.057 | prev:    0.055 | next:    0.059",
  "string:   0.059 | prev:    0.057 | next:    0.061",
  "string:   0.061 | prev:    0.059 | next:    0.063",
  "string:   0.063 | prev:    0.061 | next:    0.065",
  "string:   0.065 | prev:    0.063 | next:    0.067",
  "string:   0.067 | prev:    0.065 | next:     0.07",
  "string:    0.07 | prev:    0.067 | next:    0.073",
  "string:   0.073 | prev:     0.07 | next:    0.076",
  "string:   0.076 | prev:    0.073 | next:    0.079",
  "string:   0.079 | prev:    0.076 | next:    0.082",
  "string:   0.082 | prev:    0.079 | next:    0.086",
  "string:   0.086 | prev:    0.082 | next:     0.09",
  "string:    0.09 | prev:    0.086 | next:    0.094",
  "string:   0.094 | prev:     0.09 | next:    0.098",
  "string:   0.098 | prev:    0.094 | next:    0.102",
  "string:   0.102 | prev:    0.098 | next:    0.106",
  "string:   0.106 | prev:    0.102 | next:     0.11",
  "string:    0.11 | prev:    0.106 | next:    0.114",
  "string:   0.114 | prev:     0.11 | next:    0.118",
  "string:   0.118 | prev:    0.114 | next:    0.124",
  "string:   0.124 | prev:    0.118 | next:     0.13",
  "string:    0.13 | prev:    0.124 | next:    0.136",
  "string:   0.136 | prev:     0.13 | next:    0.142",
  "string:   0.142 | prev:    0.136 | next:    0.148",
  "string:   0.148 | prev:    0.142 | next:    0.154",
  "string:   0.154 | prev:    0.148 | next:     0.16",
  "string:    0.16 | prev:    0.154 | next:    0.168",
  "string:   0.168 | prev:     0.16 | next:    0.176",
  "string:   0.176 | prev:    0.168 | next:    0.184",
  "string:   0.184 | prev:    0.176 | next:    0.192",
  "string:   0.192 | prev:    0.184 | next:      0.2",
  "string:     0.2 | prev:    0.192 | next:    0.208",
  "string:   0.208 | prev:      0.2 | next:    0.216",
  "string:   0.216 | prev:    0.208 | next:    0.226",
  "string:   0.226 | prev:    0.216 | next:    0.236",
  "string:   0.236 | prev:    0.226 | next:    0.246",
  "string:   0.246 | prev:    0.236 | next:    0.256",
  "string:   0.256 | prev:    0.246 | next:    0.266",
  "string:   0.266 | prev:    0.256 | next:     NONE",
]
`;
